
> hima-protection@0.1.0 dev
> next dev --webpack

▲ Next.js 16.3.3 (webpack)
- Local:         http://localhost:3000
- Network:       http://10.40.30.156:3000
- Environments: .env.local
✓ Ready in 1026ms
⚠ Warning: Next.js ignored package-lock.json in C:\Users\aaaa1 because it would include your home directory (C:\Users\aaaa1).
 To use this directory, set `outputFileTracingRoot` in your Next.js config.

✓ Running next.config.ts took 83ms

○ Compiling / ...
 GET / 200 in 11.8s (next.js: 9.9s, application-code: 1897ms)
 GET / 200 in 507ms (next.js: 96ms, application-code: 411ms)
○ Compiling /booking ...
 GET /booking 200 in 14.9s (next.js: 13.9s, application-code: 1044ms)
 GET /booking 200 in 475ms (next.js: 224ms, application-code: 251ms)
 GET /booking 200 in 331ms (next.js: 18ms, application-code: 313ms)
 GET /booking 200 in 159ms (next.js: 24ms, application-code: 136ms)
[browser] Detected `scroll-behavior: smooth` on the `<html>` element. To disable smooth scrolling during route transitions, add `data-scroll-behavior="smooth"` to your <html> element. Learn more: https://nextjs.org/docs/messages/missing-data-scroll-behavior
[browser] GoTrueClient@sb-nzspowfxwntxfievmmxq-auth-token:1 (2.112.4) 2026-09-04T02:21:02.503Z Multiple GoTrueClient instances detected in the same browser context. It is not an error, but this should be avoided as it may produce undefined behavior when used concurrently under the same storage key. (src\lib\supabase\client.ts:4:30)
○ Compiling /services ...
 GET / 200 in 3.8s (next.js: 3.7s, application-code: 139ms)
 GET /services 200 in 9.8s (next.js: 8.1s, application-code: 1709ms)
 GET /services 200 in 748ms (next.js: 11ms, application-code: 737ms)
○ Compiling /about ...
 GET /about 200 in 10.7s (next.js: 10.4s, application-code: 365ms)
 GET /dealers 200 in 3.3s (next.js: 3.0s, application-code: 354ms)
○ Compiling /contact ...
 GET /contact 200 in 7.7s (next.js: 7.1s, application-code: 523ms)
 GET /contact 200 in 94ms (next.js: 17ms, application-code: 77ms)
 GET /about 200 in 72ms (next.js: 14ms, application-code: 58ms)
 GET /services 200 in 1341ms (next.js: 19ms, application-code: 1322ms)
 GET / 200 in 91ms (next.js: 15ms, application-code: 76ms)
○ Compiling /admin ...
 GET /admin 307 in 16.6s (next.js: 14.2s, application-code: 2.4s)
○ Compiling /_not-found ...
 GET /staff-login 404 in 6.8s (next.js: 5.6s, application-code: 1178ms)
 GET /staff-login 404 in 243ms (next.js: 13ms, application-code: 230ms)
 GET /staff-login 404 in 344ms (next.js: 12ms, application-code: 332ms)
 GET /staff-login 404 in 12.3s (next.js: 11.1s, application-code: 1226ms)
 GET /staff-login 404 in 5.2s (next.js: 3.7s, application-code: 1560ms)
 GET /staff-login 404 in 5.3s (next.js: 3.7s, application-code: 1576ms)
 GET /staff-login 404 in 211ms (next.js: 7ms, application-code: 204ms)
 GET /staff-login 404 in 4.5s (next.js: 3.2s, application-code: 1358ms)
 GET /staff-login 404 in 884ms (next.js: 16ms, application-code: 868ms)
 GET /staff-login 404 in 1110ms (next.js: 13ms, application-code: 1097ms)
 GET /staff-login 404 in 3.6s (next.js: 2.6s, application-code: 999ms)
 GET /staff-login 404 in 461ms (next.js: 12ms, application-code: 449ms)
 GET /staff-login 404 in 672ms (next.js: 10ms, application-code: 662ms)
 GET /staff-login 404 in 553ms (next.js: 212ms, application-code: 341ms)
 GET /staff-login 404 in 590ms (next.js: 16ms, application-code: 574ms)
 GET /staff-login 404 in 365ms (next.js: 139ms, application-code: 226ms)
 GET /staff-login 404 in 689ms (next.js: 11ms, application-code: 678ms)
 GET /staff-login 404 in 3.6s (next.js: 2.5s, application-code: 1100ms)
 GET /staff-login 404 in 807ms (next.js: 7ms, application-code: 800ms)
 GET /staff-login 404 in 632ms (next.js: 11ms, application-code: 621ms)
 GET /staff-login 404 in 151ms (next.js: 9ms, application-code: 142ms)
 GET /staff-login 404 in 305ms (next.js: 10ms, application-code: 295ms)
 GET /staff-login 404 in 15.9s (next.js: 2.4s, application-code: 13.5s)
 GET /staff-login 404 in 8.7s (next.js: 4ms, application-code: 8.7s)
⨯ ./src/lib/supabase/server.ts
Error:   x You're importing a module that depends on "next/headers". This API is only available in Server Components in the App Router, but you are using it in the Pages Router.
  | Learn more: https://nextjs.org/docs/app/building-your-application/rendering/server-components
  |

   ,-[C:\Users\aaaa1\OneDrive\Desktop\hima-protection\src\lib\supabase\server.ts:2:1]
 1 | import { createServerClient } from "@supabase/ssr";
 2 | import { cookies } from "next/headers";
   : ^^^^^^^^^^^^^^^^^^^^^^^^^^^^^^^^^^^^^^^
 3 | 
 4 | export async function createClient() {
 5 |   const cookieStore = await cookies();
   `----

Import trace for requested module:
./src/lib/supabase/server.ts
./src/lib/services.ts
./src/app/booking/page.tsx
⨯ ./src/lib/supabase/server.ts
Error:   x You're importing a module that depends on "next/headers". This API is only available in Server Components in the App Router, but you are using it in the Pages Router.
  | Learn more: https://nextjs.org/docs/app/building-your-application/rendering/server-components
  |

   ,-[C:\Users\aaaa1\OneDrive\Desktop\hima-protection\src\lib\supabase\server.ts:2:1]
 1 | import { createServerClient } from "@supabase/ssr";
 2 | import { cookies } from "next/headers";
   : ^^^^^^^^^^^^^^^^^^^^^^^^^^^^^^^^^^^^^^^
 3 | 
 4 | export async function createClient() {
 5 |   const cookieStore = await cookies();
   `----

Import trace for requested module:
./src/lib/supabase/server.ts
./src/lib/services.ts
./src/app/booking/page.tsx
⨯ ./src/lib/supabase/server.ts
Error:   x You're importing a module that depends on "next/headers". This API is only available in Server Components in the App Router, but you are using it in the Pages Router.
  | Learn more: https://nextjs.org/docs/app/building-your-application/rendering/server-components
  |

   ,-[C:\Users\aaaa1\OneDrive\Desktop\hima-protection\src\lib\supabase\server.ts:2:1]
 1 | import { createServerClient } from "@supabase/ssr";
 2 | import { cookies } from "next/headers";
   : ^^^^^^^^^^^^^^^^^^^^^^^^^^^^^^^^^^^^^^^
 3 | 
 4 | export async function createClient() {
 5 |   const cookieStore = await cookies();
   `----

Import trace for requested module:
./src/lib/supabase/server.ts
./src/lib/services.ts
./src/app/booking/page.tsx
⨯ ./src/lib/supabase/server.ts
Error:   x You're importing a module that depends on "next/headers". This API is only available in Server Components in the App Router, but you are using it in the Pages Router.
  | Learn more: https://nextjs.org/docs/app/building-your-application/rendering/server-components
  |

   ,-[C:\Users\aaaa1\OneDrive\Desktop\hima-protection\src\lib\supabase\server.ts:2:1]
 1 | import { createServerClient } from "@supabase/ssr";
 2 | import { cookies } from "next/headers";
   : ^^^^^^^^^^^^^^^^^^^^^^^^^^^^^^^^^^^^^^^
 3 | 
 4 | export async function createClient() {
 5 |   const cookieStore = await cookies();
   `----

Import trace for requested module:
./src/lib/supabase/server.ts
./src/lib/services.ts
./src/app/booking/page.tsx
⨯ ./src/lib/supabase/server.ts
Error:   x You're importing a module that depends on "next/headers". This API is only available in Server Components in the App Router, but you are using it in the Pages Router.
  | Learn more: https://nextjs.org/docs/app/building-your-application/rendering/server-components
  |

   ,-[C:\Users\aaaa1\OneDrive\Desktop\hima-protection\src\lib\supabase\server.ts:2:1]
 1 | import { createServerClient } from "@supabase/ssr";
 2 | import { cookies } from "next/headers";
   : ^^^^^^^^^^^^^^^^^^^^^^^^^^^^^^^^^^^^^^^
 3 | 
 4 | export async function createClient() {
 5 |   const cookieStore = await cookies();
   `----

Import trace for requested module:
./src/lib/supabase/server.ts
./src/lib/services.ts
./src/app/booking/page.tsx
⨯ ./src/lib/supabase/server.ts
Error:   x You're importing a module that depends on "next/headers". This API is only available in Server Components in the App Router, but you are using it in the Pages Router.
  | Learn more: https://nextjs.org/docs/app/building-your-application/rendering/server-components
  |

   ,-[C:\Users\aaaa1\OneDrive\Desktop\hima-protection\src\lib\supabase\server.ts:2:1]
 1 | import { createServerClient } from "@supabase/ssr";
 2 | import { cookies } from "next/headers";
   : ^^^^^^^^^^^^^^^^^^^^^^^^^^^^^^^^^^^^^^^
 3 | 
 4 | export async function createClient() {
 5 |   const cookieStore = await cookies();
   `----

Import trace for requested module:
./src/lib/supabase/server.ts
./src/lib/services.ts
./src/app/booking/page.tsx
⨯ ./src/lib/supabase/server.ts
Error:   x You're importing a module that depends on "next/headers". This API is only available in Server Components in the App Router, but you are using it in the Pages Router.
  | Learn more: https://nextjs.org/docs/app/building-your-application/rendering/server-components
  |

   ,-[C:\Users\aaaa1\OneDrive\Desktop\hima-protection\src\lib\supabase\server.ts:2:1]
 1 | import { createServerClient } from "@supabase/ssr";
 2 | import { cookies } from "next/headers";
   : ^^^^^^^^^^^^^^^^^^^^^^^^^^^^^^^^^^^^^^^
 3 | 
 4 | export async function createClient() {
 5 |   const cookieStore = await cookies();
   `----

Import trace for requested module:
./src/lib/supabase/server.ts
./src/lib/services.ts
./src/app/booking/page.tsx
⨯ ./src/lib/supabase/server.ts
Error:   x You're importing a module that depends on "next/headers". This API is only available in Server Components in the App Router, but you are using it in the Pages Router.
  | Learn more: https://nextjs.org/docs/app/building-your-application/rendering/server-components
  |

   ,-[C:\Users\aaaa1\OneDrive\Desktop\hima-protection\src\lib\supabase\server.ts:2:1]
 1 | import { createServerClient } from "@supabase/ssr";
 2 | import { cookies } from "next/headers";
   : ^^^^^^^^^^^^^^^^^^^^^^^^^^^^^^^^^^^^^^^
 3 | 
 4 | export async function createClient() {
 5 |   const cookieStore = await cookies();
   `----

Import trace for requested module:
./src/lib/supabase/server.ts
./src/lib/services.ts
./src/app/booking/page.tsx
⨯ ./src/lib/supabase/server.ts
Error:   x You're importing a module that depends on "next/headers". This API is only available in Server Components in the App Router, but you are using it in the Pages Router.
  | Learn more: https://nextjs.org/docs/app/building-your-application/rendering/server-components
  |

   ,-[C:\Users\aaaa1\OneDrive\Desktop\hima-protection\src\lib\supabase\server.ts:2:1]
 1 | import { createServerClient } from "@supabase/ssr";
 2 | import { cookies } from "next/headers";
   : ^^^^^^^^^^^^^^^^^^^^^^^^^^^^^^^^^^^^^^^
 3 | 
 4 | export async function createClient() {
 5 |   const cookieStore = await cookies();
   `----

Import trace for requested module:
./src/lib/supabase/server.ts
./src/lib/services.ts
./src/app/booking/page.tsx
⨯ ./src/components/Header.tsx
Module parse failed: Identifier 'FaHeadset' has already been declared (6:63)
| import Link from 'next/link';
| import { usePathname } from 'next/navigation';
> import { FaShieldAlt, FaHome, FaHandshake, FaUsers, FaHeadset, FaHeadset, FaWhatsapp, FaPhone, FaEnvelope, FaBars, FaTimes } from "__barrel_optimize__?names=FaBars,FaEnvelope,FaHandshake,FaHeadset,FaHome,FaPhone,FaShieldAlt,FaTimes,FaUsers,FaWhatsapp!=!react-icons/fa";
| const navLinks = [
|     {

Import trace for requested module:
./src/components/Header.tsx
○ Compiling /_error ...
 GET / 500 in 17.1s
⨯ ./src/components/Header.tsx
Module parse failed: Identifier 'FaHeadset' has already been declared (6:63)
| import Link from 'next/link';
| import { usePathname } from 'next/navigation';
> import { FaShieldAlt, FaHome, FaHandshake, FaUsers, FaHeadset, FaHeadset, FaWhatsapp, FaPhone, FaEnvelope, FaBars, FaTimes } from "__barrel_optimize__?names=FaBars,FaEnvelope,FaHandshake,FaHeadset,FaHome,FaPhone,FaShieldAlt,FaTimes,FaUsers,FaWhatsapp!=!react-icons/fa";
| const navLinks = [
|     {

Import trace for requested module:
./src/components/Header.tsx
<w> [webpack.cache.PackFileCacheStrategy] Caching failed for pack: Error: ENOENT: no such file or directory, rename 'C:\Users\aaaa1\OneDrive\Desktop\hima-protection\.next\dev\cache\webpack\client-development-fallback\0.pack.gz_' -> 'C:\Users\aaaa1\OneDrive\Desktop\hima-protection\.next\dev\cache\webpack\client-development-fallback\0.pack.gz'
 GET / 500 in 81ms (next.js: 27ms, application-code: 53ms)
[browser] ./src/components/Header.tsx
Module parse failed: Identifier 'FaHeadset' has already been declared (5:63)
| import Link from 'next/link';
| import { usePathname } from 'next/navigation';
> import { FaShieldAlt, FaHome, FaHandshake, FaUsers, FaHeadset, FaHeadset, FaWhatsapp, FaPhone, FaEnvelope, FaBars, FaTimes } from "__barrel_optimize__?names=FaBars,FaEnvelope,FaHandshake,FaHeadset,FaHome,FaPhone,FaShieldAlt,FaTimes,FaUsers,FaWhatsapp!=!react-icons/fa";
| const navLinks = [
|     { 
[browser] Uncaught ModuleParseError: Module parse failed: Identifier 'FaHeadset' has already been declared (6:63)
File was processed with these loaders:
 * ./node_modules/next/dist/compiled/@next/react-refresh-utils/dist/loader.js
 * ./node_modules/next/dist/build/webpack/loaders/next-flight-client-module-loader.js
 * ./node_modules/next/dist/build/webpack/loaders/next-swc-loader.js
You may need an additional loader to handle the result of these loaders.
| import Link from 'next/link';
| import { usePathname } from 'next/navigation';
> import { FaShieldAlt, FaHome, FaHandshake, FaUsers, FaHeadset, FaHeadset, FaWhatsapp, FaPhone, FaEnvelope, FaBars, FaTimes } from "__barrel_optimize__?names=FaBars,FaEnvelope,FaHandshake,FaHeadset,FaHome,FaPhone,FaShieldAlt,FaTimes,FaUsers,FaWhatsapp!=!react-icons/fa";
| const navLinks = [
|     {
    at <unknown> (File was processed with these loaders:)
    at <unknown> (File was processed with these loaders:)
⨯ ./src/lib/supabase/server.ts
Error:   x You're importing a module that depends on "next/headers". This API is only available in Server Components in the App Router, but you are using it in the Pages Router.
  | Learn more: https://nextjs.org/docs/app/building-your-application/rendering/server-components
  |

   ,-[C:\Users\aaaa1\OneDrive\Desktop\hima-protection\src\lib\supabase\server.ts:2:1]
 1 | import { createServerClient } from "@supabase/ssr";
 2 | import { cookies } from "next/headers";
   : ^^^^^^^^^^^^^^^^^^^^^^^^^^^^^^^^^^^^^^^
 3 | 
 4 | export async function createClient() {
 5 |   const cookieStore = await cookies();
   `----

Import trace for requested module:
./src/lib/supabase/server.ts
./src/lib/services.ts
./src/app/booking/page.tsx
 GET / 500 in 45ms (next.js: 6ms, application-code: 39ms)
 GET /staff-login 500 in 132ms (next.js: 97ms, application-code: 35ms)
 GET /staff-login 500 in 20ms (next.js: 6ms, application-code: 13ms)
[browser] Uncaught ModuleBuildError: Module build failed (from ./node_modules/next/dist/build/webpack/loaders/next-swc-loader.js):
Error:   x You're importing a module that depends on "next/headers". This API is only available in Server Components in the App Router, but you are using it in the Pages Router.
  | Learn more: https://nextjs.org/docs/app/building-your-application/rendering/server-components
  |

   ,-[C:\Users\aaaa1\OneDrive\Desktop\hima-protection\src\lib\supabase\server.ts:2:1]
 1 | import { createServerClient } from "@supabase/ssr";
 2 | import { cookies } from "next/headers";
   : ^^^^^^^^^^^^^^^^^^^^^^^^^^^^^^^^^^^^^^^
 3 | 
 4 | export async function createClient() {
 5 |   const cookieStore = await cookies();
   `----

[browser] Uncaught ModuleBuildError: Module build failed (from ./node_modules/next/dist/build/webpack/loaders/next-swc-loader.js):
Error:   x You're importing a module that depends on "next/headers". This API is only available in Server Components in the App Router, but you are using it in the Pages Router.
  | Learn more: https://nextjs.org/docs/app/building-your-application/rendering/server-components
  |

   ,-[C:\Users\aaaa1\OneDrive\Desktop\hima-protection\src\lib\supabase\server.ts:2:1]
 1 | import { createServerClient } from "@supabase/ssr";
 2 | import { cookies } from "next/headers";
   : ^^^^^^^^^^^^^^^^^^^^^^^^^^^^^^^^^^^^^^^
 3 | 
 4 | export async function createClient() {
 5 |   const cookieStore = await cookies();
   `----

[browser] ./src/lib/supabase/server.ts
Error:   x You're importing a module that depends on "next/headers". This API is only available in Server Components in the App Router, but you are using it in the Pages Router.
  | Learn more: https://nextjs.org/docs/app/building-your-application/rendering/server-components
  |

   ,-[C:\Users\aaaa1\OneDrive\Desktop\hima-protection\src\lib\supabase\server.ts:2:1]
 1 | import { createServerClient } from "@supabase/ssr";
 2 | import { cookies } from "next/headers";
   : ^^^^^^^^^^^^^^^^^^^^^^^^^^^^^^^^^^^^^^^
 3 | 
 4 | export async function createClient() {
 5 |   const cookieStore = await cookies();
   `---- 
[browser] ./src/lib/supabase/server.ts
Error:   x You're importing a module that depends on "next/headers". This API is only available in Server Components in the App Router, but you are using it in the Pages Router.
  | Learn more: https://nextjs.org/docs/app/building-your-application/rendering/server-components
  |

   ,-[C:\Users\aaaa1\OneDrive\Desktop\hima-protection\src\lib\supabase\server.ts:2:1]
 1 | import { createServerClient } from "@supabase/ssr";
 2 | import { cookies } from "next/headers";
   : ^^^^^^^^^^^^^^^^^^^^^^^^^^^^^^^^^^^^^^^
 3 | 
 4 | export async function createClient() {
 5 |   const cookieStore = await cookies();
   `---- 
[browser] ./src/lib/supabase/server.ts
Error:   x You're importing a module that depends on "next/headers". This API is only available in Server Components in the App Router, but you are using it in the Pages Router.
  | Learn more: https://nextjs.org/docs/app/building-your-application/rendering/server-components
  |

   ,-[C:\Users\aaaa1\OneDrive\Desktop\hima-protection\src\lib\supabase\server.ts:2:1]
 1 | import { createServerClient } from "@supabase/ssr";
 2 | import { cookies } from "next/headers";
   : ^^^^^^^^^^^^^^^^^^^^^^^^^^^^^^^^^^^^^^^
 3 | 
 4 | export async function createClient() {
 5 |   const cookieStore = await cookies();
   `---- 
⚠ Fast Refresh had to perform a full reload due to a runtime error.
 GET /staff-login 404 in 9.5s (next.js: 8.6s, application-code: 810ms)
 GET / 200 in 14.1s (next.js: 4.2s, application-code: 9.9s)
 GET /staff-login 404 in 1143ms (next.js: 112ms, application-code: 1031ms)
